// Jest Snapshot v1, https://goo.gl/fbAQLP

exports[`dateSelectValue  1`] = `Array []`;
